// Jest Snapshot v1, https://goo.gl/fbAQLP

exports[`Home page should be able to render on Home page with success 1`] = `
<DocumentFragment>
  <div
    class="sc-jlZhew dQejNR"
  >
    <div
      class="sc-eqUAAy etcgDI"
    >
      <div>
        <p
          class="sc-gsFSXq jzQfdD"
        >
          Agile Content Frontend test
        </p>
      </div>
      <div>
        <div
          class="sc-iGgWBj iYeObN"
        >
          <svg
            fill="currentColor"
            height="20"
            stroke="currentColor"
            stroke-width="0"
            viewBox="0 0 512 512"
            width="20"
            xmlns="http://www.w3.org/2000/svg"
          >
            <path
              d="M104 160a56 56 0 1156-56 56.06 56.06 0 01-56 56zm152 0a56 56 0 1156-56 56.06 56.06 0 01-56 56zm152 0a56 56 0 1156-56 56.06 56.06 0 01-56 56zM104 312a56 56 0 1156-56 56.06 56.06 0 01-56 56zm152 0a56 56 0 1156-56 56.06 56.06 0 01-56 56zm152 0a56 56 0 1156-56 56.06 56.06 0 01-56 56zM104 464a56 56 0 1156-56 56.06 56.06 0 01-56 56zm152 0a56 56 0 1156-56 56.06 56.06 0 01-56 56zm152 0a56 56 0 1156-56 56.06 56.06 0 01-56 56z"
            />
          </svg>
          <img
            alt="Image to simulate user logged"
            class="sc-kAyceB dQecPe"
            src="user.png"
          />
        </div>
      </div>
    </div>
    <div
      class="sc-dAlyuH NEQFU"
    >
      <div
        class="sc-aXZVg hLSxly"
      >
        <img
          class="sc-gEvEer knjNTS"
          src="logo-google.png"
        />
        <form>
          <div
            class="sc-imWYAI ityMyQ"
          >
            <div
              class="sc-dhKdcB hIcSne"
            >
              <svg
                fill="none"
                height="20"
                stroke="currentColor"
                stroke-linecap="round"
                stroke-linejoin="round"
                stroke-width="2"
                viewBox="0 0 24 24"
                width="20"
                xmlns="http://www.w3.org/2000/svg"
              >
                <circle
                  cx="11"
                  cy="11"
                  r="8"
                />
                <line
                  x1="21"
                  x2="16.65"
                  y1="21"
                  y2="16.65"
                />
              </svg>
              <input
                data-testid="input-search"
                value=""
              />
            </div>
            <div
              class="sc-jXbUNg dwcNzp"
            >
              <button
                class="sc-kpDqfm koXWmj"
                color="rgba(0,0,0,0.87)"
                data-testid="button-submit"
                type="submit"
              >
                Buscar
              </button>
            </div>
          </div>
        </form>
      </div>
    </div>
    <div
      class="sc-cwHptR kXzOKw"
    >
      <p>
        ©Google 2021
      </p>
      <p>
        Version 0.1.0
      </p>
    </div>
  </div>
</DocumentFragment>
`;

exports[`Home page should be able to simulate click close icon modal on Home page 1`] = `
<DocumentFragment>
  <div
    class="sc-jlZhew dQejNR"
  >
    <div
      class="sc-eqUAAy etcgDI"
    >
      <div>
        <p
          class="sc-gsFSXq jzQfdD"
        >
          Agile Content Frontend test
        </p>
      </div>
      <div>
        <div
          class="sc-iGgWBj iYeObN"
        >
          <svg
            fill="currentColor"
            height="20"
            stroke="currentColor"
            stroke-width="0"
            viewBox="0 0 512 512"
            width="20"
            xmlns="http://www.w3.org/2000/svg"
          >
            <path
              d="M104 160a56 56 0 1156-56 56.06 56.06 0 01-56 56zm152 0a56 56 0 1156-56 56.06 56.06 0 01-56 56zm152 0a56 56 0 1156-56 56.06 56.06 0 01-56 56zM104 312a56 56 0 1156-56 56.06 56.06 0 01-56 56zm152 0a56 56 0 1156-56 56.06 56.06 0 01-56 56zm152 0a56 56 0 1156-56 56.06 56.06 0 01-56 56zM104 464a56 56 0 1156-56 56.06 56.06 0 01-56 56zm152 0a56 56 0 1156-56 56.06 56.06 0 01-56 56zm152 0a56 56 0 1156-56 56.06 56.06 0 01-56 56z"
            />
          </svg>
          <img
            alt="Image to simulate user logged"
            class="sc-kAyceB dQecPe"
            src="user.png"
          />
        </div>
      </div>
    </div>
    <div
      class="sc-dAlyuH NEQFU"
    >
      <div
        class="sc-aXZVg hLSxly"
      >
        <img
          class="sc-gEvEer knjNTS"
          src="logo-google.png"
        />
        <form>
          <div
            class="sc-imWYAI ityMyQ"
          >
            <div
              class="sc-dhKdcB hIcSne"
            >
              <svg
                fill="none"
                height="20"
                stroke="currentColor"
                stroke-linecap="round"
                stroke-linejoin="round"
                stroke-width="2"
                viewBox="0 0 24 24"
                width="20"
                xmlns="http://www.w3.org/2000/svg"
              >
                <circle
                  cx="11"
                  cy="11"
                  r="8"
                />
                <line
                  x1="21"
                  x2="16.65"
                  y1="21"
                  y2="16.65"
                />
              </svg>
              <input
                data-testid="input-search"
                value=""
              />
            </div>
            <div
              class="sc-jXbUNg dwcNzp"
            >
              <button
                class="sc-kpDqfm koXWmj"
                color="rgba(0,0,0,0.87)"
                data-testid="button-submit"
                type="submit"
              >
                Buscar
              </button>
            </div>
          </div>
        </form>
      </div>
    </div>
    <div
      class="sc-cwHptR kXzOKw"
    >
      <p>
        ©Google 2021
      </p>
      <p>
        Version 0.1.0
      </p>
    </div>
  </div>
</DocumentFragment>
`;
